Erreur lors de l'ouverture du fichier "../Logs/testIntrouvable.log".
Veuillez r√©essayer svp.