Erreur lors de l'ouverture du fichier "../Logs/log20.log".
Veuillez r√©essayer svp.