Erreur lors de l'ouverture du fichier en Ã©criture "graphe.dot".