Erreur. Veuillez renseigner un nom de fichier de log svp.