/SiteWebIF/Intranet-etudiant.php(2 hits)
/SiteWebIF/Intranet-etudiant.php?ticket=ST-341667-KHlNEzic9e5btb4JQ1Nw-dsi-vm03(1 hits)
/temps/3IF39.html(1 hits)
/favicon(1 hits)
/temps/suivant(1 hits)
/temps/3IF38.html(1 hits)
/temps/FondInsa(1 hits)
/(1 hits)
/stages/Listestage.php(1 hits)
/temps/3IF1.ics(1 hits)