/page2.html(3 hits)
/page1.html(2 hits)
/imag7.jpg(2 hits)
/image.jpg(1 hits)
/page5.js(1 hits)
/page3.html(1 hits)
/page6.css(1 hits)
/page2.js(1 hits)
/page8.png(1 hits)