/temps/3IF8.html(4 hits)
/temps/3IF4.html(2 hits)
/temps/suivant.gif(1 hits)
/temps/3IF2.html(1 hits)
/temps/4IF2.ics(1 hits)