/temps/4IF1.html(10 hits)
/SiteWebIF/Intranet-etudiant.php(4 hits)
/temps/4IF11.html(4 hits)
/temps/3IF8.html(4 hits)
/temps/suivant.gif(3 hits)
/temps/3IF3.html(2 hits)
/temps/FondInsa.jpg(2 hits)
/temps/InsaIF.ico(2 hits)
/temps/4IF2.html(2 hits)
/temps/choix.gif(2 hits)