/wiki/lib/exe/css.php?s=all&t=monobook&tseed=1277975312(2 hits)
/temps/4IF17.html(1 hits)
/temps/4IF16.html(1 hits)