../../analog: invalid option -- 'a'
Erreur, option invalide.