/SiteWebIF/Intranet-etudiant.php(4 hits)
/SiteWebIF/Intranet-etudiant.php?ticket=ST-82181-RPEnMvGq1JuRRzAoiHo2-dsi-vm03(1 hits)