/temps/4IF1.html(10 hits)
/temps/3IF8.html(4 hits)
/SiteWebIF/Intranet-etudiant.php(4 hits)
/temps/4IF11.html(4 hits)
/temps/3IF4.html(2 hits)
/temps/3IF3.html(2 hits)
/temps/4IF2.html(2 hits)
/temps/3IF2.html(1 hits)
/temps/4IF2.ics(1 hits)
/SiteWebIF/Intranet-etudiant.php?ticket=ST-82181-RPEnMvGq1JuRRzAoiHo2-dsi-vm03(1 hits)